-> Creating a binary search tree with default constructor.
-> Creating a node with data 103. Node is not in the tree.
-> Trying to remove a node with data 103 from the tree and then printing the tree.
BST_inorder{}
BST_preorder{}
BST_postorder{}
-> Trying to search a node with data 103 in the tree and then printing the tree.
no node with data 103 exists
BST_inorder{}
BST_preorder{}
BST_postorder{}
-> Checking if the tree contains the previously created node or not and then printing the tree.
tree does not contain that node
BST_inorder{}
BST_preorder{}
BST_postorder{}
