-> Creating a binary search tree with default constructor.
-> Making some insertions to the tree.
-> Printing the tree.
BST_inorder{
	105,
	106,
	107,
	110,
	113,
	114,
	115
}
BST_preorder{
	110,
	105,
	107,
	106,
	115,
	113,
	114
}
BST_postorder{
	106,
	107,
	105,
	114,
	113,
	115,
	110
}
