-> Creating a binary search tree with default constructor.
-> Making some insertions to the tree.
-> Printing the tree.
BST_inorder{
	105,
	106,
	107,
	110,
	113,
	114,
	115
}
-> Removing the root node, a node with two children in this testcase, from the tree.
-> Printing the tree.
BST_inorder{
	105,
	106,
	107,
	113,
	114,
	115
}
BST_preorder{
	113,
	105,
	107,
	106,
	115,
	114
}
BST_postorder{
	106,
	107,
	105,
	114,
	115,
	113
}
